| document: 
| | map value
| | | key: [simplelist]
| | | list value
| | | | string value: [e1]
| | | | string value: [e2]
| | | | numeric value: [1]
| | | | numeric value: [2]
| | | | numeric value: [3]
| | | key: [empties]
| | | list value
| | | | list value
| | | | list value
| | | | | list value
| | | | | list value
| | | | list value
| | | | list value
| | | key: [non-empties]
| | | list value
| | | | list value
| | | | | numeric value: [1]
| | | | | numeric value: [2]
| | | | list value
| | | | | list value
| | | | | | string value: [a]
| | | | | | string value: [b]
| | | | | list value
| | | | | | string value: [5]
| | | | | | string value: [6]
| | | | | | string value: [7]
| | | | list value
| | | | | string value: [single]
| | | | list value